Archive member included to satisfy reference by file (symbol)

c:/users/conat/.p2/pool/plugins/fr.ac6.mcu.externaltools.arm-none.win32_1.17.0.201812190825/tools/compiler/bin/../lib/gcc/arm-none-eabi/7.3.1/thumb/v7e-m/fpv4-sp/hard\libgcc.a(_arm_addsubdf3.o)
                              Src/wrapper.o (__aeabi_dadd)
c:/users/conat/.p2/pool/plugins/fr.ac6.mcu.externaltools.arm-none.win32_1.17.0.201812190825/tools/compiler/bin/../lib/gcc/arm-none-eabi/7.3.1/thumb/v7e-m/fpv4-sp/hard\libgcc.a(_arm_muldivdf3.o)
                              Src/wrapper.o (__aeabi_dmul)
c:/users/conat/.p2/pool/plugins/fr.ac6.mcu.externaltools.arm-none.win32_1.17.0.201812190825/tools/compiler/bin/../lib/gcc/arm-none-eabi/7.3.1/../../../../arm-none-eabi/lib/thumb/v7e-m/fpv4-sp/hard\libc_nano.a(lib_a-exit.o)
                              c:/users/conat/.p2/pool/plugins/fr.ac6.mcu.externaltools.arm-none.win32_1.17.0.201812190825/tools/compiler/bin/../lib/gcc/arm-none-eabi/7.3.1/../../../../arm-none-eabi/lib/thumb/v7e-m/fpv4-sp/hard/crt0.o (exit)
c:/users/conat/.p2/pool/plugins/fr.ac6.mcu.externaltools.arm-none.win32_1.17.0.201812190825/tools/compiler/bin/../lib/gcc/arm-none-eabi/7.3.1/../../../../arm-none-eabi/lib/thumb/v7e-m/fpv4-sp/hard\libc_nano.a(lib_a-impure.o)
                              c:/users/conat/.p2/pool/plugins/fr.ac6.mcu.externaltools.arm-none.win32_1.17.0.201812190825/tools/compiler/bin/../lib/gcc/arm-none-eabi/7.3.1/../../../../arm-none-eabi/lib/thumb/v7e-m/fpv4-sp/hard\libc_nano.a(lib_a-exit.o) (_global_impure_ptr)
c:/users/conat/.p2/pool/plugins/fr.ac6.mcu.externaltools.arm-none.win32_1.17.0.201812190825/tools/compiler/bin/../lib/gcc/arm-none-eabi/7.3.1/../../../../arm-none-eabi/lib/thumb/v7e-m/fpv4-sp/hard\libc_nano.a(lib_a-init.o)
                              c:/users/conat/.p2/pool/plugins/fr.ac6.mcu.externaltools.arm-none.win32_1.17.0.201812190825/tools/compiler/bin/../lib/gcc/arm-none-eabi/7.3.1/../../../../arm-none-eabi/lib/thumb/v7e-m/fpv4-sp/hard/crt0.o (__libc_init_array)
c:/users/conat/.p2/pool/plugins/fr.ac6.mcu.externaltools.arm-none.win32_1.17.0.201812190825/tools/compiler/bin/../lib/gcc/arm-none-eabi/7.3.1/../../../../arm-none-eabi/lib/thumb/v7e-m/fpv4-sp/hard\libc_nano.a(lib_a-memset.o)
                              c:/users/conat/.p2/pool/plugins/fr.ac6.mcu.externaltools.arm-none.win32_1.17.0.201812190825/tools/compiler/bin/../lib/gcc/arm-none-eabi/7.3.1/../../../../arm-none-eabi/lib/thumb/v7e-m/fpv4-sp/hard/crt0.o (memset)
c:/users/conat/.p2/pool/plugins/fr.ac6.mcu.externaltools.arm-none.win32_1.17.0.201812190825/tools/compiler/bin/../lib/gcc/arm-none-eabi/7.3.1/../../../../arm-none-eabi/lib/thumb/v7e-m/fpv4-sp/hard\libnosys.a(_exit.o)
                              c:/users/conat/.p2/pool/plugins/fr.ac6.mcu.externaltools.arm-none.win32_1.17.0.201812190825/tools/compiler/bin/../lib/gcc/arm-none-eabi/7.3.1/../../../../arm-none-eabi/lib/thumb/v7e-m/fpv4-sp/hard\libc_nano.a(lib_a-exit.o) (_exit)

Allocating common symbols
Common symbol       size              file

hi2c1               0x4c              Src/i2c.o
hi2c2               0x4c              Src/i2c.o
uwTick              0x4               Drivers/STM32F3xx_HAL_Driver/Src/stm32f3xx_hal.o
pFlash              0x20              Drivers/STM32F3xx_HAL_Driver/Src/stm32f3xx_hal_flash.o
htim6               0x40              Src/tim.o

Discarded input sections

 .text          0x00000000        0x0 c:/users/conat/.p2/pool/plugins/fr.ac6.mcu.externaltools.arm-none.win32_1.17.0.201812190825/tools/compiler/bin/../lib/gcc/arm-none-eabi/7.3.1/thumb/v7e-m/fpv4-sp/hard/crti.o
 .data          0x00000000        0x0 c:/users/conat/.p2/pool/plugins/fr.ac6.mcu.externaltools.arm-none.win32_1.17.0.201812190825/tools/compiler/bin/../lib/gcc/arm-none-eabi/7.3.1/thumb/v7e-m/fpv4-sp/hard/crti.o
 .bss           0x00000000        0x0 c:/users/conat/.p2/pool/plugins/fr.ac6.mcu.externaltools.arm-none.win32_1.17.0.201812190825/tools/compiler/bin/../lib/gcc/arm-none-eabi/7.3.1/thumb/v7e-m/fpv4-sp/hard/crti.o
 .data          0x00000000        0x4 c:/users/conat/.p2/pool/plugins/fr.ac6.mcu.externaltools.arm-none.win32_1.17.0.201812190825/tools/compiler/bin/../lib/gcc/arm-none-eabi/7.3.1/thumb/v7e-m/fpv4-sp/hard/crtbegin.o
 .text          0x00000000       0x74 c:/users/conat/.p2/pool/plugins/fr.ac6.mcu.externaltools.arm-none.win32_1.17.0.201812190825/tools/compiler/bin/../lib/gcc/arm-none-eabi/7.3.1/../../../../arm-none-eabi/lib/thumb/v7e-m/fpv4-sp/hard/crt0.o
 .data          0x00000000        0x0 c:/users/conat/.p2/pool/plugins/fr.ac6.mcu.externaltools.arm-none.win32_1.17.0.201812190825/tools/compiler/bin/../lib/gcc/arm-none-eabi/7.3.1/../../../../arm-none-eabi/lib/thumb/v7e-m/fpv4-sp/hard/crt0.o
 .bss           0x00000000        0x0 c:/users/conat/.p2/pool/plugins/fr.ac6.mcu.externaltools.arm-none.win32_1.17.0.201812190825/tools/compiler/bin/../lib/gcc/arm-none-eabi/7.3.1/../../../../arm-none-eabi/lib/thumb/v7e-m/fpv4-sp/hard/crt0.o
[...]
Memory Configuration

Name             Origin             Length             Attributes
RAM              0x20000000         0x0000a000         xrw
CCMRAM           0x10000000         0x00002000         rw
FLASH            0x08000000         0x00040000         xr
*default*        0x00000000         0xffffffff

Linker script and memory map

LOAD c:/users/conat/.p2/pool/plugins/fr.ac6.mcu.externaltools.arm-none.win32_1.17.0.201812190825/tools/compiler/bin/../lib/gcc/arm-none-eabi/7.3.1/thumb/v7e-m/fpv4-sp/hard/crti.o
LOAD c:/users/conat/.p2/pool/plugins/fr.ac6.mcu.externaltools.arm-none.win32_1.17.0.201812190825/tools/compiler/bin/../lib/gcc/arm-none-eabi/7.3.1/thumb/v7e-m/fpv4-sp/hard/crtbegin.o
LOAD c:/users/conat/.p2/pool/plugins/fr.ac6.mcu.externaltools.arm-none.win32_1.17.0.201812190825/tools/compiler/bin/../lib/gcc/arm-none-eabi/7.3.1/../../../../arm-none-eabi/lib/thumb/v7e-m/fpv4-sp/hard/crt0.o
LOAD Drivers/STM32F3xx_HAL_Driver/Src/stm32f3xx_hal.o
LOAD Drivers/STM32F3xx_HAL_Driver/Src/stm32f3xx_hal_cortex.o
LOAD Drivers/STM32F3xx_HAL_Driver/Src/stm32f3xx_hal_dma.o
LOAD Drivers/STM32F3xx_HAL_Driver/Src/stm32f3xx_hal_flash.o
LOAD Drivers/STM32F3xx_HAL_Driver/Src/stm32f3xx_hal_flash_ex.o
LOAD Drivers/STM32F3xx_HAL_Driver/Src/stm32f3xx_hal_gpio.o
LOAD Drivers/STM32F3xx_HAL_Driver/Src/stm32f3xx_hal_i2c.o
LOAD Drivers/STM32F3xx_HAL_Driver/Src/stm32f3xx_hal_i2c_ex.o
LOAD Drivers/STM32F3xx_HAL_Driver/Src/stm32f3xx_hal_pwr.o
LOAD Drivers/STM32F3xx_HAL_Driver/Src/stm32f3xx_hal_pwr_ex.o
LOAD Drivers/STM32F3xx_HAL_Driver/Src/stm32f3xx_hal_rcc.o
LOAD Drivers/STM32F3xx_HAL_Driver/Src/stm32f3xx_hal_rcc_ex.o
LOAD Drivers/STM32F3xx_HAL_Driver/Src/stm32f3xx_hal_tim.o
LOAD Drivers/STM32F3xx_HAL_Driver/Src/stm32f3xx_hal_tim_ex.o
LOAD Src/gpio.o
LOAD Src/i2c.o
LOAD Src/i2c_myclass.o
LOAD Src/main.o
LOAD Src/stm32f3xx_hal_msp.o
LOAD Src/stm32f3xx_it.o
LOAD Src/system_stm32f3xx.o
LOAD Src/tim.o
LOAD Src/wrapper.o
LOAD startup/startup_stm32f303xc.o
LOAD c:/users/conat/.p2/pool/plugins/fr.ac6.mcu.externaltools.arm-none.win32_1.17.0.201812190825/tools/compiler/bin/../lib/gcc/arm-none-eabi/7.3.1/../../../../arm-none-eabi/lib/thumb/v7e-m/fpv4-sp/hard\libstdc++_nano.a
LOAD c:/users/conat/.p2/pool/plugins/fr.ac6.mcu.externaltools.arm-none.win32_1.17.0.201812190825/tools/compiler/bin/../lib/gcc/arm-none-eabi/7.3.1/../../../../arm-none-eabi/lib/thumb/v7e-m/fpv4-sp/hard\libm.a
START GROUP
LOAD c:/users/conat/.p2/pool/plugins/fr.ac6.mcu.externaltools.arm-none.win32_1.17.0.201812190825/tools/compiler/bin/../lib/gcc/arm-none-eabi/7.3.1/thumb/v7e-m/fpv4-sp/hard\libgcc.a
LOAD c:/users/conat/.p2/pool/plugins/fr.ac6.mcu.externaltools.arm-none.win32_1.17.0.201812190825/tools/compiler/bin/../lib/gcc/arm-none-eabi/7.3.1/../../../../arm-none-eabi/lib/thumb/v7e-m/fpv4-sp/hard\libc_nano.a
END GROUP
START GROUP
LOAD c:/users/conat/.p2/pool/plugins/fr.ac6.mcu.externaltools.arm-none.win32_1.17.0.201812190825/tools/compiler/bin/../lib/gcc/arm-none-eabi/7.3.1/thumb/v7e-m/fpv4-sp/hard\libgcc.a
LOAD c:/users/conat/.p2/pool/plugins/fr.ac6.mcu.externaltools.arm-none.win32_1.17.0.201812190825/tools/compiler/bin/../lib/gcc/arm-none-eabi/7.3.1/../../../../arm-none-eabi/lib/thumb/v7e-m/fpv4-sp/hard\libc_nano.a
LOAD c:/users/conat/.p2/pool/plugins/fr.ac6.mcu.externaltools.arm-none.win32_1.17.0.201812190825/tools/compiler/bin/../lib/gcc/arm-none-eabi/7.3.1/../../../../arm-none-eabi/lib/thumb/v7e-m/fpv4-sp/hard\libnosys.a
END GROUP
START GROUP
LOAD c:/users/conat/.p2/pool/plugins/fr.ac6.mcu.externaltools.arm-none.win32_1.17.0.201812190825/tools/compiler/bin/../lib/gcc/arm-none-eabi/7.3.1/thumb/v7e-m/fpv4-sp/hard\libgcc.a
LOAD c:/users/conat/.p2/pool/plugins/fr.ac6.mcu.externaltools.arm-none.win32_1.17.0.201812190825/tools/compiler/bin/../lib/gcc/arm-none-eabi/7.3.1/../../../../arm-none-eabi/lib/thumb/v7e-m/fpv4-sp/hard\libc_nano.a
LOAD c:/users/conat/.p2/pool/plugins/fr.ac6.mcu.externaltools.arm-none.win32_1.17.0.201812190825/tools/compiler/bin/../lib/gcc/arm-none-eabi/7.3.1/../../../../arm-none-eabi/lib/thumb/v7e-m/fpv4-sp/hard\libnosys.a
END GROUP
LOAD c:/users/conat/.p2/pool/plugins/fr.ac6.mcu.externaltools.arm-none.win32_1.17.0.201812190825/tools/compiler/bin/../lib/gcc/arm-none-eabi/7.3.1/thumb/v7e-m/fpv4-sp/hard/crtend.o
LOAD c:/users/conat/.p2/pool/plugins/fr.ac6.mcu.externaltools.arm-none.win32_1.17.0.201812190825/tools/compiler/bin/../lib/gcc/arm-none-eabi/7.3.1/thumb/v7e-m/fpv4-sp/hard/crtn.o
                0x2000a000                _estack = 0x2000a000
                0x00000200                _Min_Heap_Size = 0x200
                0x00000400                _Min_Stack_Size = 0x400

.isr_vector     0x08000000      0x188
                0x08000000                . = ALIGN (0x4)
 *(.isr_vector)
 .isr_vector    0x08000000      0x188 startup/startup_stm32f303xc.o
                0x08000000                g_pfnVectors
                0x08000188                . = ALIGN (0x4)

.text           0x08000188     0x29f4
                0x08000188                . = ALIGN (0x4)
 *(.text)
 .text          0x08000188       0x40 c:/users/conat/.p2/pool/plugins/fr.ac6.mcu.externaltools.arm-none.win32_1.17.0.201812190825/tools/compiler/bin/../lib/gcc/arm-none-eabi/7.3.1/thumb/v7e-m/fpv4-sp/hard/crtbegin.o
 .text          0x080001c8      0x378 c:/users/conat/.p2/pool/plugins/fr.ac6.mcu.externaltools.arm-none.win32_1.17.0.201812190825/tools/compiler/bin/../lib/gcc/arm-none-eabi/7.3.1/thumb/v7e-m/fpv4-sp/hard\libgcc.a(_arm_addsubdf3.o)
                0x080001c8                __aeabi_drsub
                0x080001d0                __aeabi_dsub
                0x080001d0                __subdf3
                0x080001d4                __aeabi_dadd
                0x080001d4                __adddf3
                0x0800044c                __floatunsidf
                0x0800044c                __aeabi_ui2d
                0x0800046c                __floatsidf
                0x0800046c                __aeabi_i2d
                0x08000490                __aeabi_f2d
                0x08000490                __extendsfdf2
                0x080004d4                __floatundidf
                0x080004d4                __aeabi_ul2d
                0x080004e4                __floatdidf
                0x080004e4                __aeabi_l2d
 .text          0x08000540      0x424 c:/users/conat/.p2/pool/plugins/fr.ac6.mcu.externaltools.arm-none.win32_1.17.0.201812190825/tools/compiler/bin/../lib/gcc/arm-none-eabi/7.3.1/thumb/v7e-m/fpv4-sp/hard\libgcc.a(_arm_muldivdf3.o)
                0x08000540                __aeabi_dmul
                0x08000540                __muldf3
                0x08000794                __divdf3
                0x08000794                __aeabi_ddiv
 *(.text*)
 .text.HAL_InitTick
                0x08000964       0x48 Drivers/STM32F3xx_HAL_Driver/Src/stm32f3xx_hal.o
                0x08000964                HAL_InitTick
 .text.HAL_Init
                0x080009ac       0x24 Drivers/STM32F3xx_HAL_Driver/Src/stm32f3xx_hal.o
                0x080009ac                HAL_Init
 .text.HAL_IncTick
                0x080009d0       0x18 Drivers/STM32F3xx_HAL_Driver/Src/stm32f3xx_hal.o
                0x080009d0                HAL_IncTick
 .text.HAL_GetTick
                0x080009e8        0xc Drivers/STM32F3xx_HAL_Driver/Src/stm32f3xx_hal.o
                0x080009e8                HAL_GetTick
 .text.HAL_Delay
                0x080009f4       0x28 Drivers/STM32F3xx_HAL_Driver/Src/stm32f3xx_hal.o
                0x080009f4                HAL_Delay
 .text.HAL_NVIC_SetPriorityGrouping
                0x08000a1c       0x24 Drivers/STM32F3xx_HAL_Driver/Src/stm32f3xx_hal_cortex.o
                0x08000a1c                HAL_NVIC_SetPriorityGrouping
 .text.HAL_NVIC_SetPriority
                0x08000a40       0x68 Drivers/STM32F3xx_HAL_Driver/Src/stm32f3xx_hal_cortex.o
                0x08000a40                HAL_NVIC_SetPriority
 .text.HAL_NVIC_EnableIRQ
                0x08000aa8       0x18 Drivers/STM32F3xx_HAL_Driver/Src/stm32f3xx_hal_cortex.o
                0x08000aa8                HAL_NVIC_EnableIRQ
 .text.HAL_SYSTICK_Config
                0x08000ac0       0x2c Drivers/STM32F3xx_HAL_Driver/Src/stm32f3xx_hal_cortex.o
                0x08000ac0                HAL_SYSTICK_Config
 .text.HAL_SYSTICK_CLKSourceConfig
                0x08000aec       0x20 Drivers/STM32F3xx_HAL_Driver/Src/stm32f3xx_hal_cortex.o
                0x08000aec                HAL_SYSTICK_CLKSourceConfig
 .text.HAL_SYSTICK_Callback
                0x08000b0c        0x2 Drivers/STM32F3xx_HAL_Driver/Src/stm32f3xx_hal_cortex.o
                0x08000b0c                HAL_SYSTICK_Callback
 .text.HAL_SYSTICK_IRQHandler
                0x08000b0e        0x8 Drivers/STM32F3xx_HAL_Driver/Src/stm32f3xx_hal_cortex.o
                0x08000b0e                HAL_SYSTICK_IRQHandler
 *fill*         0x08000b16        0x2 
 .text.HAL_GPIO_Init
                0x08000b18      0x194 Drivers/STM32F3xx_HAL_Driver/Src/stm32f3xx_hal_gpio.o
                0x08000b18                HAL_GPIO_Init
 .text.HAL_GPIO_DeInit
                0x08000cac      0x108 Drivers/STM32F3xx_HAL_Driver/Src/stm32f3xx_hal_gpio.o
                0x08000cac                HAL_GPIO_DeInit
 .text.HAL_GPIO_WritePin
                0x08000db4        0xa Drivers/STM32F3xx_HAL_Driver/Src/stm32f3xx_hal_gpio.o
                0x08000db4                HAL_GPIO_WritePin
 .text.I2C_Flush_TXDR
                0x08000dbe       0x22 Drivers/STM32F3xx_HAL_Driver/Src/stm32f3xx_hal_i2c.o
 .text.I2C_TransferConfig
                0x08000de0       0x36 Drivers/STM32F3xx_HAL_Driver/Src/stm32f3xx_hal_i2c.o
 .text.I2C_IsAcknowledgeFailed
                0x08000e16       0x82 Drivers/STM32F3xx_HAL_Driver/Src/stm32f3xx_hal_i2c.o
 .text.I2C_WaitOnTXISFlagUntilTimeout
                0x08000e98       0x54 Drivers/STM32F3xx_HAL_Driver/Src/stm32f3xx_hal_i2c.o
 .text.I2C_WaitOnFlagUntilTimeout
                0x08000eec       0x48 Drivers/STM32F3xx_HAL_Driver/Src/stm32f3xx_hal_i2c.o
 .text.I2C_RequestMemoryWrite
                0x08000f34       0x88 Drivers/STM32F3xx_HAL_Driver/Src/stm32f3xx_hal_i2c.o
 .text.I2C_RequestMemoryRead
                0x08000fbc       0x84 Drivers/STM32F3xx_HAL_Driver/Src/stm32f3xx_hal_i2c.o
 .text.I2C_WaitOnSTOPFlagUntilTimeout
                0x08001040       0x4e Drivers/STM32F3xx_HAL_Driver/Src/stm32f3xx_hal_i2c.o
 .text.HAL_I2C_Init
                0x0800108e       0xbc Drivers/STM32F3xx_HAL_Driver/Src/stm32f3xx_hal_i2c.o
                0x0800108e                HAL_I2C_Init
 .text.HAL_I2C_DeInit
                0x0800114a       0x32 Drivers/STM32F3xx_HAL_Driver/Src/stm32f3xx_hal_i2c.o
                0x0800114a                HAL_I2C_DeInit
 .text.HAL_I2C_Mem_Write
                0x0800117c      0x1d2 Drivers/STM32F3xx_HAL_Driver/Src/stm32f3xx_hal_i2c.o
                0x0800117c                HAL_I2C_Mem_Write
 *fill*         0x0800134e        0x2 
 .text.HAL_I2C_Mem_Read
                0x08001350      0x1d0 Drivers/STM32F3xx_HAL_Driver/Src/stm32f3xx_hal_i2c.o
                0x08001350                HAL_I2C_Mem_Read
 .text.HAL_I2CEx_ConfigAnalogFilter
                0x08001520       0x5c Drivers/STM32F3xx_HAL_Driver/Src/stm32f3xx_hal_i2c_ex.o
                0x08001520                HAL_I2CEx_ConfigAnalogFilter
 .text.HAL_I2CEx_ConfigDigitalFilter
                0x0800157c       0x58 Drivers/STM32F3xx_HAL_Driver/Src/stm32f3xx_hal_i2c_ex.o
                0x0800157c                HAL_I2CEx_ConfigDigitalFilter
 .text.HAL_RCC_OscConfig
                0x080015d4      0x618 Drivers/STM32F3xx_HAL_Driver/Src/stm32f3xx_hal_rcc.o
                0x080015d4                HAL_RCC_OscConfig
 .text.HAL_RCC_GetSysClockFreq
                0x08001bec       0x70 Drivers/STM32F3xx_HAL_Driver/Src/stm32f3xx_hal_rcc.o
                0x08001bec                HAL_RCC_GetSysClockFreq
 .text.HAL_RCC_ClockConfig
                0x08001c5c      0x1a0 Drivers/STM32F3xx_HAL_Driver/Src/stm32f3xx_hal_rcc.o
                0x08001c5c                HAL_RCC_ClockConfig
 .text.HAL_RCC_GetHCLKFreq
                0x08001dfc        0xc Drivers/STM32F3xx_HAL_Driver/Src/stm32f3xx_hal_rcc.o
                0x08001dfc                HAL_RCC_GetHCLKFreq
 .text.HAL_RCCEx_PeriphCLKConfig
                0x08001e08      0x268 Drivers/STM32F3xx_HAL_Driver/Src/stm32f3xx_hal_rcc_ex.o
                0x08001e08                HAL_RCCEx_PeriphCLKConfig
 .text.HAL_TIM_Base_Start_IT
                0x08002070       0x18 Drivers/STM32F3xx_HAL_Driver/Src/stm32f3xx_hal_tim.o
                0x08002070                HAL_TIM_Base_Start_IT
 .text.HAL_TIM_PeriodElapsedCallback
                0x08002088        0x2 Drivers/STM32F3xx_HAL_Driver/Src/stm32f3xx_hal_tim.o
                0x08002088                HAL_TIM_PeriodElapsedCallback
 .text.HAL_TIM_OC_DelayElapsedCallback
                0x0800208a        0x2 Drivers/STM32F3xx_HAL_Driver/Src/stm32f3xx_hal_tim.o
                0x0800208a                HAL_TIM_OC_DelayElapsedCallback
 .text.HAL_TIM_IC_CaptureCallback
                0x0800208c        0x2 Drivers/STM32F3xx_HAL_Driver/Src/stm32f3xx_hal_tim.o
                0x0800208c                HAL_TIM_IC_CaptureCallback
 .text.HAL_TIM_PWM_PulseFinishedCallback
                0x0800208e        0x2 Drivers/STM32F3xx_HAL_Driver/Src/stm32f3xx_hal_tim.o
                0x0800208e                HAL_TIM_PWM_PulseFinishedCallback
 .text.HAL_TIM_TriggerCallback
                0x08002090        0x2 Drivers/STM32F3xx_HAL_Driver/Src/stm32f3xx_hal_tim.o
                0x08002090                HAL_TIM_TriggerCallback
 .text.HAL_TIM_IRQHandler
                0x08002092      0x19a Drivers/STM32F3xx_HAL_Driver/Src/stm32f3xx_hal_tim.o
                0x08002092                HAL_TIM_IRQHandler
 .text.TIM_Base_SetConfig
                0x0800222c       0xb8 Drivers/STM32F3xx_HAL_Driver/Src/stm32f3xx_hal_tim.o
                0x0800222c                TIM_Base_SetConfig
 .text.HAL_TIM_Base_Init
                0x080022e4       0x32 Drivers/STM32F3xx_HAL_Driver/Src/stm32f3xx_hal_tim.o
                0x080022e4                HAL_TIM_Base_Init
 *fill*         0x08002316        0x2 
 .text.HAL_TIMEx_MasterConfigSynchronization
                0x08002318       0x58 Drivers/STM32F3xx_HAL_Driver/Src/stm32f3xx_hal_tim_ex.o
                0x08002318                HAL_TIMEx_MasterConfigSynchronization
 .text.HAL_TIMEx_CommutationCallback
                0x08002370        0x2 Drivers/STM32F3xx_HAL_Driver/Src/stm32f3xx_hal_tim_ex.o
                0x08002370                HAL_TIMEx_CommutationCallback
 .text.HAL_TIMEx_BreakCallback
                0x08002372        0x2 Drivers/STM32F3xx_HAL_Driver/Src/stm32f3xx_hal_tim_ex.o
                0x08002372                HAL_TIMEx_BreakCallback
 .text.HAL_TIMEx_Break2Callback
                0x08002374        0x2 Drivers/STM32F3xx_HAL_Driver/Src/stm32f3xx_hal_tim_ex.o
                0x08002374                HAL_TIMEx_Break2Callback
 *fill*         0x08002376        0x2 
 .text.MX_GPIO_Init
                0x08002378       0xd4 Src/gpio.o
                0x08002378                MX_GPIO_Init
 .text.MX_I2C1_Init
                0x0800244c       0x68 Src/i2c.o
                0x0800244c                MX_I2C1_Init
 .text.MX_I2C2_Init
                0x080024b4       0x68 Src/i2c.o
                0x080024b4                MX_I2C2_Init
 .text.HAL_I2C_MspInit
                0x0800251c       0xa4 Src/i2c.o
                0x0800251c                HAL_I2C_MspInit
 .text.HAL_I2C_MspDeInit
                0x080025c0       0x5c Src/i2c.o
                0x080025c0                HAL_I2C_MspDeInit
 .text._ZN11I2C_myclassC2EP19__I2C_HandleTypeDefh
                0x0800261c        0xa Src/i2c_myclass.o
                0x0800261c                I2C_myclass::I2C_myclass(__I2C_HandleTypeDef*, unsigned char)
                0x0800261c                I2C_myclass::I2C_myclass(__I2C_HandleTypeDef*, unsigned char)
 .text._ZN11I2C_myclass4initEv
                0x08002626       0x28 Src/i2c_myclass.o
                0x08002626                I2C_myclass::init()
 .text._ZN11I2C_myclass8mem_readEPhhtth
                0x0800264e       0x34 Src/i2c_myclass.o
                0x0800264e                I2C_myclass::mem_read(unsigned char*, unsigned char, unsigned short, unsigned short, unsigned char)
 .text._ZN11I2C_myclass9mem_writeEPhhtth
                0x08002682       0x34 Src/i2c_myclass.o
                0x08002682                I2C_myclass::mem_write(unsigned char*, unsigned char, unsigned short, unsigned short, unsigned char)
 .text._Error_Handler
                0x080026b6        0x2 Src/main.o
                0x080026b6                _Error_Handler
 .text.SystemClock_Config
                0x080026b8       0x9c Src/main.o
                0x080026b8                SystemClock_Config
 .text.main     0x08002754       0x24 Src/main.o
                0x08002754                main
 .text.HAL_MspInit
                0x08002778       0x90 Src/stm32f3xx_hal_msp.o
                0x08002778                HAL_MspInit
 .text.NMI_Handler
                0x08002808        0x2 Src/stm32f3xx_it.o
                0x08002808                NMI_Handler
 .text.HardFault_Handler
                0x0800280a        0x2 Src/stm32f3xx_it.o
                0x0800280a                HardFault_Handler
 .text.MemManage_Handler
                0x0800280c        0x2 Src/stm32f3xx_it.o
                0x0800280c                MemManage_Handler
 .text.BusFault_Handler
                0x0800280e        0x2 Src/stm32f3xx_it.o
                0x0800280e                BusFault_Handler
 .text.UsageFault_Handler
                0x08002810        0x2 Src/stm32f3xx_it.o
                0x08002810                UsageFault_Handler
 .text.SVC_Handler
                0x08002812        0x2 Src/stm32f3xx_it.o
                0x08002812                SVC_Handler
 .text.DebugMon_Handler
                0x08002814        0x2 Src/stm32f3xx_it.o
                0x08002814                DebugMon_Handler
 .text.PendSV_Handler
                0x08002816        0x2 Src/stm32f3xx_it.o
                0x08002816                PendSV_Handler
 .text.SysTick_Handler
                0x08002818        0xc Src/stm32f3xx_it.o
                0x08002818                SysTick_Handler
 .text.TIM6_DAC_IRQHandler
                0x08002824       0x24 Src/stm32f3xx_it.o
                0x08002824                TIM6_DAC_IRQHandler
 .text.SystemInit
                0x08002848       0x68 Src/system_stm32f3xx.o
                0x08002848                SystemInit
 .text.MX_TIM6_Init
                0x080028b0       0x58 Src/tim.o
                0x080028b0                MX_TIM6_Init
 .text.HAL_TIM_Base_MspInit
                0x08002908       0x40 Src/tim.o
                0x08002908                HAL_TIM_Base_MspInit
 .text._Z41__static_initialization_and_destruction_0ii
                0x08002948       0x28 Src/wrapper.o
 .text.init     0x08002970       0x74 Src/wrapper.o
                0x08002970                init
 .text.loop     0x080029e4       0x70 Src/wrapper.o
                0x080029e4                loop
 *fill*         0x08002a54        0x4 
 .text.tim_internal
                0x08002a58       0x60 Src/wrapper.o
                0x08002a58                tim_internal
 .text._GLOBAL__sub_I_I2C_C
                0x08002ab8        0xe Src/wrapper.o
 *fill*         0x08002ac6        0x2 
 .text.Reset_Handler
                0x08002ac8       0x50 startup/startup_stm32f303xc.o
                0x08002ac8                Reset_Handler
 .text.Default_Handler
                0x08002b18        0x2 startup/startup_stm32f303xc.o
                0x08002b18                RTC_Alarm_IRQHandler
                0x08002b18                TIM8_TRG_COM_IRQHandler
                0x08002b18                TIM8_CC_IRQHandler
                0x08002b18                TIM1_CC_IRQHandler
                0x08002b18                USB_HP_IRQHandler
                0x08002b18                PVD_IRQHandler
                0x08002b18                TAMP_STAMP_IRQHandler
                0x08002b18                EXTI3_IRQHandler
                0x08002b18                USB_HP_CAN_TX_IRQHandler
                0x08002b18                EXTI0_IRQHandler
                0x08002b18                I2C2_EV_IRQHandler
                0x08002b18                FPU_IRQHandler
                0x08002b18                TIM1_UP_TIM16_IRQHandler
                0x08002b18                ADC1_2_IRQHandler
                0x08002b18                SPI1_IRQHandler
                0x08002b18                CAN_SCE_IRQHandler
                0x08002b18                TIM8_UP_IRQHandler
                0x08002b18                DMA2_Channel2_IRQHandler
                0x08002b18                DMA1_Channel4_IRQHandler
                0x08002b18                USART3_IRQHandler
                0x08002b18                DMA1_Channel7_IRQHandler
                0x08002b18                UART5_IRQHandler
                0x08002b18                ADC3_IRQHandler
                0x08002b18                TIM4_IRQHandler
                0x08002b18                CAN_RX1_IRQHandler
                0x08002b18                DMA2_Channel1_IRQHandler
                0x08002b18                I2C1_EV_IRQHandler
                0x08002b18                DMA1_Channel6_IRQHandler
                0x08002b18                UART4_IRQHandler
                0x08002b18                DMA2_Channel4_IRQHandler
                0x08002b18                TIM3_IRQHandler
                0x08002b18                RCC_IRQHandler
                0x08002b18                DMA1_Channel1_IRQHandler
                0x08002b18                Default_Handler
                0x08002b18                USBWakeUp_RMP_IRQHandler
                0x08002b18                EXTI15_10_IRQHandler
                0x08002b18                TIM7_IRQHandler
                0x08002b18                EXTI9_5_IRQHandler
                0x08002b18                RTC_WKUP_IRQHandler
                0x08002b18                SPI2_IRQHandler
                0x08002b18                USB_LP_CAN_RX0_IRQHandler
                0x08002b18                DMA2_Channel5_IRQHandler
                0x08002b18                DMA1_Channel5_IRQHandler
                0x08002b18                USB_LP_IRQHandler
                0x08002b18                EXTI4_IRQHandler
                0x08002b18                TIM1_TRG_COM_TIM17_IRQHandler
                0x08002b18                DMA1_Channel3_IRQHandler
                0x08002b18                ADC4_IRQHandler
                0x08002b18                WWDG_IRQHandler
                0x08002b18                TIM2_IRQHandler
                0x08002b18                COMP7_IRQHandler
                0x08002b18                COMP1_2_3_IRQHandler
                0x08002b18                EXTI1_IRQHandler
                0x08002b18                USART2_IRQHandler
                0x08002b18                COMP4_5_6_IRQHandler
                0x08002b18                I2C2_ER_IRQHandler
                0x08002b18                DMA1_Channel2_IRQHandler
                0x08002b18                TIM8_BRK_IRQHandler
                0x08002b18                FLASH_IRQHandler
                0x08002b18                USART1_IRQHandler
                0x08002b18                SPI3_IRQHandler
                0x08002b18                I2C1_ER_IRQHandler
                0x08002b18                USBWakeUp_IRQHandler
                0x08002b18                DMA2_Channel3_IRQHandler
                0x08002b18                EXTI2_TSC_IRQHandler
                0x08002b18                TIM1_BRK_TIM15_IRQHandler
 *fill*         0x08002b1a        0x2 
 .text.__libc_init_array
                0x08002b1c       0x48 c:/users/conat/.p2/pool/plugins/fr.ac6.mcu.externaltools.arm-none.win32_1.17.0.201812190825/tools/compiler/bin/../lib/gcc/arm-none-eabi/7.3.1/../../../../arm-none-eabi/lib/thumb/v7e-m/fpv4-sp/hard\libc_nano.a(lib_a-init.o)
                0x08002b1c                __libc_init_array
 *(.glue_7)
 .glue_7        0x08002b64        0x0 linker stubs
 *(.glue_7t)
 .glue_7t       0x08002b64        0x0 linker stubs
 *(.eh_frame)
 .eh_frame      0x08002b64        0x0 c:/users/conat/.p2/pool/plugins/fr.ac6.mcu.externaltools.arm-none.win32_1.17.0.201812190825/tools/compiler/bin/../lib/gcc/arm-none-eabi/7.3.1/thumb/v7e-m/fpv4-sp/hard/crtbegin.o
 *(.init)
 .init          0x08002b64        0x4 c:/users/conat/.p2/pool/plugins/fr.ac6.mcu.externaltools.arm-none.win32_1.17.0.201812190825/tools/compiler/bin/../lib/gcc/arm-none-eabi/7.3.1/thumb/v7e-m/fpv4-sp/hard/crti.o
                0x08002b64                _init
 .init          0x08002b68        0x8 c:/users/conat/.p2/pool/plugins/fr.ac6.mcu.externaltools.arm-none.win32_1.17.0.201812190825/tools/compiler/bin/../lib/gcc/arm-none-eabi/7.3.1/thumb/v7e-m/fpv4-sp/hard/crtn.o
 *(.fini)
 .fini          0x08002b70        0x4 c:/users/conat/.p2/pool/plugins/fr.ac6.mcu.externaltools.arm-none.win32_1.17.0.201812190825/tools/compiler/bin/../lib/gcc/arm-none-eabi/7.3.1/thumb/v7e-m/fpv4-sp/hard/crti.o
                0x08002b70                _fini
 .fini          0x08002b74        0x8 c:/users/conat/.p2/pool/plugins/fr.ac6.mcu.externaltools.arm-none.win32_1.17.0.201812190825/tools/compiler/bin/../lib/gcc/arm-none-eabi/7.3.1/thumb/v7e-m/fpv4-sp/hard/crtn.o
                0x08002b7c                . = ALIGN (0x4)
                0x08002b7c                _etext = .

.vfp11_veneer   0x08002b7c        0x0
 .vfp11_veneer  0x08002b7c        0x0 linker stubs

.v4_bx          0x08002b7c        0x0
 .v4_bx         0x08002b7c        0x0 linker stubs

.iplt           0x08002b7c        0x0
 .iplt          0x08002b7c        0x0 c:/users/conat/.p2/pool/plugins/fr.ac6.mcu.externaltools.arm-none.win32_1.17.0.201812190825/tools/compiler/bin/../lib/gcc/arm-none-eabi/7.3.1/thumb/v7e-m/fpv4-sp/hard/crtbegin.o

.rodata         0x08002b7c       0x68
                0x08002b7c                . = ALIGN (0x4)
 *(.rodata)
 .rodata        0x08002b7c       0x20 Drivers/STM32F3xx_HAL_Driver/Src/stm32f3xx_hal_rcc.o
                0x08002b7c                aPLLMULFactorTable
                0x08002b8c                aPredivFactorTable
 .rodata        0x08002b9c       0x18 Src/system_stm32f3xx.o
                0x08002b9c                AHBPrescTable
                0x08002bac                APBPrescTable
 *(.rodata*)
 .rodata.str1.4
                0x08002bb4        0xd Src/i2c.o
 *fill*         0x08002bc1        0x3 
 .rodata.str1.4
                0x08002bc4        0xe Src/main.o
 *fill*         0x08002bd2        0x2 
 .rodata.str1.4
                0x08002bd4       0x10 Src/tim.o
                                  0xd (size before relaxing)
                0x08002be4                . = ALIGN (0x4)

.rel.dyn        0x08002be4        0x0
 .rel.iplt      0x08002be4        0x0 c:/users/conat/.p2/pool/plugins/fr.ac6.mcu.externaltools.arm-none.win32_1.17.0.201812190825/tools/compiler/bin/../lib/gcc/arm-none-eabi/7.3.1/thumb/v7e-m/fpv4-sp/hard/crtbegin.o

.ARM.extab
 *(.ARM.extab* .gnu.linkonce.armextab.*)

.ARM            0x08002be4        0x0
                0x08002be4                __exidx_start = .
 *(.ARM.exidx*)
                0x08002be4                __exidx_end = .

.preinit_array  0x08002be4        0x0
                0x08002be4                PROVIDE (__preinit_array_start = .)
 *(.preinit_array*)
                0x08002be4                PROVIDE (__preinit_array_end = .)

.init_array     0x08002be4        0x8
                0x08002be4                PROVIDE (__init_array_start = .)
 *(SORT_BY_NAME(.init_array.*))
 *(.init_array*)
 .init_array    0x08002be4        0x4 c:/users/conat/.p2/pool/plugins/fr.ac6.mcu.externaltools.arm-none.win32_1.17.0.201812190825/tools/compiler/bin/../lib/gcc/arm-none-eabi/7.3.1/thumb/v7e-m/fpv4-sp/hard/crtbegin.o
 .init_array    0x08002be8        0x4 Src/wrapper.o
                0x08002bec                PROVIDE (__init_array_end = .)

.fini_array     0x08002bec        0x4
                [!provide]                PROVIDE (__fini_array_start = .)
 *(SORT_BY_NAME(.fini_array.*))
 *(.fini_array*)
 .fini_array    0x08002bec        0x4 c:/users/conat/.p2/pool/plugins/fr.ac6.mcu.externaltools.arm-none.win32_1.17.0.201812190825/tools/compiler/bin/../lib/gcc/arm-none-eabi/7.3.1/thumb/v7e-m/fpv4-sp/hard/crtbegin.o
                [!provide]                PROVIDE (__fini_array_end = .)
                0x08002bf0                _sidata = LOADADDR (.data)

.data           0x20000000        0xc load address 0x08002bf0
                0x20000000                . = ALIGN (0x4)
                0x20000000                _sdata = .
 *(.data)
 .data          0x20000000        0x8 Drivers/STM32F3xx_HAL_Driver/Src/stm32f3xx_hal.o
                0x20000000                uwTickFreq
                0x20000004                uwTickPrio
 .data          0x20000008        0x4 Src/system_stm32f3xx.o
                0x20000008                SystemCoreClock
 *(.data*)
                0x2000000c                . = ALIGN (0x4)
                0x2000000c                _edata = .
                0x08002bfc                _siccmram = LOADADDR (.ccmram)

.igot.plt       0x2000000c        0x0 load address 0x08002bfc
 .igot.plt      0x2000000c        0x0 c:/users/conat/.p2/pool/plugins/fr.ac6.mcu.externaltools.arm-none.win32_1.17.0.201812190825/tools/compiler/bin/../lib/gcc/arm-none-eabi/7.3.1/thumb/v7e-m/fpv4-sp/hard/crtbegin.o

.ccmram         0x10000000        0x0 load address 0x08002bfc
                0x10000000                . = ALIGN (0x4)
                0x10000000                _sccmram = .
 *(.ccmram)
 *(.ccmram*)
                0x10000000                . = ALIGN (0x4)
                0x10000000                _eccmram = .
                0x10000000                . = ALIGN (0x4)

.bss            0x20000010      0x134
                0x20000010                _sbss = .
                0x20000010                __bss_start__ = _sbss
 *(.bss)
 .bss           0x20000010       0x1c c:/users/conat/.p2/pool/plugins/fr.ac6.mcu.externaltools.arm-none.win32_1.17.0.201812190825/tools/compiler/bin/../lib/gcc/arm-none-eabi/7.3.1/thumb/v7e-m/fpv4-sp/hard/crtbegin.o
 *fill*         0x2000002c        0x4 
 .bss           0x20000030       0x38 Src/wrapper.o
                0x20000030                I2C_C
                0x2000003c                target_address
                0x20000040                data
                0x20000048                angular_velocity
                0x20000050                angular
 *(.bss*)
 *(COMMON)
 COMMON         0x20000068        0x4 Drivers/STM32F3xx_HAL_Driver/Src/stm32f3xx_hal.o
                0x20000068                uwTick
 COMMON         0x2000006c       0x98 Src/i2c.o
                0x2000006c                hi2c1
                0x200000b8                hi2c2
 COMMON         0x20000104       0x40 Src/tim.o
                0x20000104                htim6
                0x20000144                . = ALIGN (0x4)
                0x20000144                _ebss = .
                0x20000144                __bss_end__ = _ebss

._user_heap_stack
                0x20000144      0x604
                0x20000148                . = ALIGN (0x8)
 *fill*         0x20000144        0x4 
                [!provide]                PROVIDE (end = .)
                [!provide]                PROVIDE (_end = .)
                0x20000348                . = (. + _Min_Heap_Size)
 *fill*         0x20000148      0x200 
                0x20000748                . = (. + _Min_Stack_Size)
 *fill*         0x20000348      0x400 
                0x20000748                . = ALIGN (0x8)

/DISCARD/
 libc.a(*)
 libm.a(*)
 libgcc.a(*)

.ARM.attributes
                0x00000000       0x30
 *(.ARM.attributes)
 .ARM.attributes
                0x00000000       0x22 c:/users/conat/.p2/pool/plugins/fr.ac6.mcu.externaltools.arm-none.win32_1.17.0.201812190825/tools/compiler/bin/../lib/gcc/arm-none-eabi/7.3.1/thumb/v7e-m/fpv4-sp/hard/crti.o
 .ARM.attributes
                0x00000022       0x34 c:/users/conat/.p2/pool/plugins/fr.ac6.mcu.externaltools.arm-none.win32_1.17.0.201812190825/tools/compiler/bin/../lib/gcc/arm-none-eabi/7.3.1/thumb/v7e-m/fpv4-sp/hard/crtbegin.o
 .ARM.attributes
                0x00000056       0x39 Drivers/STM32F3xx_HAL_Driver/Src/stm32f3xx_hal.o
 .ARM.attributes
                0x0000008f       0x39 Drivers/STM32F3xx_HAL_Driver/Src/stm32f3xx_hal_cortex.o
 .ARM.attributes
                0x000000c8       0x39 Drivers/STM32F3xx_HAL_Driver/Src/stm32f3xx_hal_gpio.o
 .ARM.attributes
                0x00000101       0x39 Drivers/STM32F3xx_HAL_Driver/Src/stm32f3xx_hal_i2c.o
 .ARM.attributes
                0x0000013a       0x39 Drivers/STM32F3xx_HAL_Driver/Src/stm32f3xx_hal_i2c_ex.o
 .ARM.attributes
                0x00000173       0x39 Drivers/STM32F3xx_HAL_Driver/Src/stm32f3xx_hal_rcc.o
 .ARM.attributes
                0x000001ac       0x39 Drivers/STM32F3xx_HAL_Driver/Src/stm32f3xx_hal_rcc_ex.o
 .ARM.attributes
                0x000001e5       0x39 Drivers/STM32F3xx_HAL_Driver/Src/stm32f3xx_hal_tim.o
 .ARM.attributes
                0x0000021e       0x39 Drivers/STM32F3xx_HAL_Driver/Src/stm32f3xx_hal_tim_ex.o
 .ARM.attributes
                0x00000257       0x39 Src/gpio.o
 .ARM.attributes
                0x00000290       0x39 Src/i2c.o
 .ARM.attributes
                0x000002c9       0x39 Src/i2c_myclass.o
 .ARM.attributes
                0x00000302       0x39 Src/main.o
 .ARM.attributes
                0x0000033b       0x39 Src/stm32f3xx_hal_msp.o
 .ARM.attributes
                0x00000374       0x39 Src/stm32f3xx_it.o
 .ARM.attributes
                0x000003ad       0x39 Src/system_stm32f3xx.o
 .ARM.attributes
                0x000003e6       0x39 Src/tim.o
 .ARM.attributes
                0x0000041f       0x39 Src/wrapper.o
 .ARM.attributes
                0x00000458       0x21 startup/startup_stm32f303xc.o
 .ARM.attributes
                0x00000479       0x22 c:/users/conat/.p2/pool/plugins/fr.ac6.mcu.externaltools.arm-none.win32_1.17.0.201812190825/tools/compiler/bin/../lib/gcc/arm-none-eabi/7.3.1/thumb/v7e-m/fpv4-sp/hard\libgcc.a(_arm_addsubdf3.o)
 .ARM.attributes
                0x0000049b       0x22 c:/users/conat/.p2/pool/plugins/fr.ac6.mcu.externaltools.arm-none.win32_1.17.0.201812190825/tools/compiler/bin/../lib/gcc/arm-none-eabi/7.3.1/thumb/v7e-m/fpv4-sp/hard\libgcc.a(_arm_muldivdf3.o)
 .ARM.attributes
                0x000004bd       0x34 c:/users/conat/.p2/pool/plugins/fr.ac6.mcu.externaltools.arm-none.win32_1.17.0.201812190825/tools/compiler/bin/../lib/gcc/arm-none-eabi/7.3.1/../../../../arm-none-eabi/lib/thumb/v7e-m/fpv4-sp/hard\libc_nano.a(lib_a-init.o)
 .ARM.attributes
                0x000004f1       0x22 c:/users/conat/.p2/pool/plugins/fr.ac6.mcu.externaltools.arm-none.win32_1.17.0.201812190825/tools/compiler/bin/../lib/gcc/arm-none-eabi/7.3.1/thumb/v7e-m/fpv4-sp/hard/crtn.o
OUTPUT(gyro-test.elf elf32-littlearm)

.debug_info     0x00000000    0x1a688
 .debug_info    0x00000000     0x10a0 Drivers/STM32F3xx_HAL_Driver/Src/stm32f3xx_hal.o
 .debug_info    0x000010a0     0x1714 Drivers/STM32F3xx_HAL_Driver/Src/stm32f3xx_hal_cortex.o
 .debug_info    0x000027b4      0xf42 Drivers/STM32F3xx_HAL_Driver/Src/stm32f3xx_hal_gpio.o
 .debug_info    0x000036f6     0x3a25 Drivers/STM32F3xx_HAL_Driver/Src/stm32f3xx_hal_i2c.o
 .debug_info    0x0000711b     0x1107 Drivers/STM32F3xx_HAL_Driver/Src/stm32f3xx_hal_i2c_ex.o
 .debug_info    0x00008222     0x1c80 Drivers/STM32F3xx_HAL_Driver/Src/stm32f3xx_hal_rcc.o
 .debug_info    0x00009ea2      0xfd5 Drivers/STM32F3xx_HAL_Driver/Src/stm32f3xx_hal_rcc_ex.o
 .debug_info    0x0000ae77     0x3821 Drivers/STM32F3xx_HAL_Driver/Src/stm32f3xx_hal_tim.o
 .debug_info    0x0000e698     0x1ee5 Drivers/STM32F3xx_HAL_Driver/Src/stm32f3xx_hal_tim_ex.o
 .debug_info    0x0001057d      0xcf2 Src/gpio.o
 .debug_info    0x0001126f     0x136f Src/i2c.o
 .debug_info    0x000125de     0x1457 Src/i2c_myclass.o
 .debug_info    0x00013a35     0x175a Src/main.o
 .debug_info    0x0001518f      0xd6b Src/stm32f3xx_hal_msp.o
 .debug_info    0x00015efa     0x1056 Src/stm32f3xx_it.o
 .debug_info    0x00016f50      0xc82 Src/system_stm32f3xx.o
 .debug_info    0x00017bd2     0x12bb Src/tim.o
 .debug_info    0x00018e8d     0x17d9 Src/wrapper.o
 .debug_info    0x0001a666       0x22 startup/startup_stm32f303xc.o

.debug_abbrev   0x00000000     0x30f2
 .debug_abbrev  0x00000000      0x2e1 Drivers/STM32F3xx_HAL_Driver/Src/stm32f3xx_hal.o
 .debug_abbrev  0x000002e1      0x3ba Drivers/STM32F3xx_HAL_Driver/Src/stm32f3xx_hal_cortex.o
 .debug_abbrev  0x0000069b      0x2a7 Drivers/STM32F3xx_HAL_Driver/Src/stm32f3xx_hal_gpio.o
 .debug_abbrev  0x00000942      0x2df Drivers/STM32F3xx_HAL_Driver/Src/stm32f3xx_hal_i2c.o
 .debug_abbrev  0x00000c21      0x257 Drivers/STM32F3xx_HAL_Driver/Src/stm32f3xx_hal_i2c_ex.o
 .debug_abbrev  0x00000e78      0x365 Drivers/STM32F3xx_HAL_Driver/Src/stm32f3xx_hal_rcc.o
 .debug_abbrev  0x000011dd      0x336 Drivers/STM32F3xx_HAL_Driver/Src/stm32f3xx_hal_rcc_ex.o
 .debug_abbrev  0x00001513      0x2e0 Drivers/STM32F3xx_HAL_Driver/Src/stm32f3xx_hal_tim.o
 .debug_abbrev  0x000017f3      0x2e0 Drivers/STM32F3xx_HAL_Driver/Src/stm32f3xx_hal_tim_ex.o
 .debug_abbrev  0x00001ad3      0x22b Src/gpio.o
 .debug_abbrev  0x00001cfe      0x258 Src/i2c.o
 .debug_abbrev  0x00001f56      0x2e9 Src/i2c_myclass.o
 .debug_abbrev  0x0000223f      0x281 Src/main.o
 .debug_abbrev  0x000024c0      0x234 Src/stm32f3xx_hal_msp.o
 .debug_abbrev  0x000026f4      0x24b Src/stm32f3xx_it.o
 .debug_abbrev  0x0000293f      0x21f Src/system_stm32f3xx.o
 .debug_abbrev  0x00002b5e      0x272 Src/tim.o
 .debug_abbrev  0x00002dd0      0x310 Src/wrapper.o
 .debug_abbrev  0x000030e0       0x12 startup/startup_stm32f303xc.o

.debug_loc      0x00000000     0xb1d5
 .debug_loc     0x00000000       0xfd Drivers/STM32F3xx_HAL_Driver/Src/stm32f3xx_hal.o
 .debug_loc     0x000000fd      0x5ce Drivers/STM32F3xx_HAL_Driver/Src/stm32f3xx_hal_cortex.o
 .debug_loc     0x000006cb      0x361 Drivers/STM32F3xx_HAL_Driver/Src/stm32f3xx_hal_gpio.o
 .debug_loc     0x00000a2c     0x3c4a Drivers/STM32F3xx_HAL_Driver/Src/stm32f3xx_hal_i2c.o
 .debug_loc     0x00004676      0x21c Drivers/STM32F3xx_HAL_Driver/Src/stm32f3xx_hal_i2c_ex.o
 .debug_loc     0x00004892      0x946 Drivers/STM32F3xx_HAL_Driver/Src/stm32f3xx_hal_rcc.o
 .debug_loc     0x000051d8      0x82d Drivers/STM32F3xx_HAL_Driver/Src/stm32f3xx_hal_rcc_ex.o
 .debug_loc     0x00005a05     0x36ec Drivers/STM32F3xx_HAL_Driver/Src/stm32f3xx_hal_tim.o
 .debug_loc     0x000090f1     0x19b9 Drivers/STM32F3xx_HAL_Driver/Src/stm32f3xx_hal_tim_ex.o
 .debug_loc     0x0000aaaa       0xa6 Src/i2c.o
 .debug_loc     0x0000ab50      0x48d Src/i2c_myclass.o
 .debug_loc     0x0000afdd       0xff Src/system_stm32f3xx.o
 .debug_loc     0x0000b0dc       0x5b Src/tim.o
 .debug_loc     0x0000b137       0x9e Src/wrapper.o

.debug_aranges  0x00000000      0xc60
 .debug_aranges
                0x00000000       0xe0 Drivers/STM32F3xx_HAL_Driver/Src/stm32f3xx_hal.o
 .debug_aranges
                0x000000e0       0xa8 Drivers/STM32F3xx_HAL_Driver/Src/stm32f3xx_hal_cortex.o
 .debug_aranges
                0x00000188       0x58 Drivers/STM32F3xx_HAL_Driver/Src/stm32f3xx_hal_gpio.o
 .debug_aranges
                0x000001e0      0x260 Drivers/STM32F3xx_HAL_Driver/Src/stm32f3xx_hal_i2c.o
 .debug_aranges
                0x00000440       0x48 Drivers/STM32F3xx_HAL_Driver/Src/stm32f3xx_hal_i2c_ex.o
 .debug_aranges
                0x00000488       0x88 Drivers/STM32F3xx_HAL_Driver/Src/stm32f3xx_hal_rcc.o
 .debug_aranges
                0x00000510       0x38 Drivers/STM32F3xx_HAL_Driver/Src/stm32f3xx_hal_rcc_ex.o
 .debug_aranges
                0x00000548      0x378 Drivers/STM32F3xx_HAL_Driver/Src/stm32f3xx_hal_tim.o
 .debug_aranges
                0x000008c0      0x178 Drivers/STM32F3xx_HAL_Driver/Src/stm32f3xx_hal_tim_ex.o
 .debug_aranges
                0x00000a38       0x20 Src/gpio.o
 .debug_aranges
                0x00000a58       0x38 Src/i2c.o
 .debug_aranges
                0x00000a90       0x58 Src/i2c_myclass.o
 .debug_aranges
                0x00000ae8       0x30 Src/main.o
 .debug_aranges
                0x00000b18       0x20 Src/stm32f3xx_hal_msp.o
 .debug_aranges
                0x00000b38       0x68 Src/stm32f3xx_it.o
 .debug_aranges
                0x00000ba0       0x28 Src/system_stm32f3xx.o
 .debug_aranges
                0x00000bc8       0x30 Src/tim.o
 .debug_aranges
                0x00000bf8       0x40 Src/wrapper.o
 .debug_aranges
                0x00000c38       0x28 startup/startup_stm32f303xc.o

.debug_ranges   0x00000000      0xbd0
 .debug_ranges  0x00000000       0xd0 Drivers/STM32F3xx_HAL_Driver/Src/stm32f3xx_hal.o
 .debug_ranges  0x000000d0       0xf8 Drivers/STM32F3xx_HAL_Driver/Src/stm32f3xx_hal_cortex.o
 .debug_ranges  0x000001c8       0x48 Drivers/STM32F3xx_HAL_Driver/Src/stm32f3xx_hal_gpio.o
 .debug_ranges  0x00000210      0x250 Drivers/STM32F3xx_HAL_Driver/Src/stm32f3xx_hal_i2c.o
 .debug_ranges  0x00000460       0x38 Drivers/STM32F3xx_HAL_Driver/Src/stm32f3xx_hal_i2c_ex.o
 .debug_ranges  0x00000498       0x98 Drivers/STM32F3xx_HAL_Driver/Src/stm32f3xx_hal_rcc.o
 .debug_ranges  0x00000530       0x40 Drivers/STM32F3xx_HAL_Driver/Src/stm32f3xx_hal_rcc_ex.o
 .debug_ranges  0x00000570      0x368 Drivers/STM32F3xx_HAL_Driver/Src/stm32f3xx_hal_tim.o
 .debug_ranges  0x000008d8      0x168 Drivers/STM32F3xx_HAL_Driver/Src/stm32f3xx_hal_tim_ex.o
 .debug_ranges  0x00000a40       0x10 Src/gpio.o
 .debug_ranges  0x00000a50       0x28 Src/i2c.o
 .debug_ranges  0x00000a78       0x48 Src/i2c_myclass.o
 .debug_ranges  0x00000ac0       0x20 Src/main.o
 .debug_ranges  0x00000ae0       0x10 Src/stm32f3xx_hal_msp.o
 .debug_ranges  0x00000af0       0x58 Src/stm32f3xx_it.o
 .debug_ranges  0x00000b48       0x18 Src/system_stm32f3xx.o
 .debug_ranges  0x00000b60       0x20 Src/tim.o
 .debug_ranges  0x00000b80       0x30 Src/wrapper.o
 .debug_ranges  0x00000bb0       0x20 startup/startup_stm32f303xc.o

.debug_macro    0x00000000    0x1d9fe
 .debug_macro   0x00000000      0x331 Drivers/STM32F3xx_HAL_Driver/Src/stm32f3xx_hal.o
 .debug_macro   0x00000331      0xa60 Drivers/STM32F3xx_HAL_Driver/Src/stm32f3xx_hal.o
 .debug_macro   0x00000d91       0x10 Drivers/STM32F3xx_HAL_Driver/Src/stm32f3xx_hal.o
 .debug_macro   0x00000da1       0x9f Drivers/STM32F3xx_HAL_Driver/Src/stm32f3xx_hal.o
 .debug_macro   0x00000e40       0x2f Drivers/STM32F3xx_HAL_Driver/Src/stm32f3xx_hal.o
 .debug_macro   0x00000e6f       0x28 Drivers/STM32F3xx_HAL_Driver/Src/stm32f3xx_hal.o
 .debug_macro   0x00000e97       0x22 Drivers/STM32F3xx_HAL_Driver/Src/stm32f3xx_hal.o
 .debug_macro   0x00000eb9       0x8e Drivers/STM32F3xx_HAL_Driver/Src/stm32f3xx_hal.o
 .debug_macro   0x00000f47       0x51 Drivers/STM32F3xx_HAL_Driver/Src/stm32f3xx_hal.o
 .debug_macro   0x00000f98       0xef Drivers/STM32F3xx_HAL_Driver/Src/stm32f3xx_hal.o
 .debug_macro   0x00001087       0x6a Drivers/STM32F3xx_HAL_Driver/Src/stm32f3xx_hal.o
 .debug_macro   0x000010f1      0x1df Drivers/STM32F3xx_HAL_Driver/Src/stm32f3xx_hal.o
 .debug_macro   0x000012d0       0x35 Drivers/STM32F3xx_HAL_Driver/Src/stm32f3xx_hal.o
 .debug_macro   0x00001305       0x50 Drivers/STM32F3xx_HAL_Driver/Src/stm32f3xx_hal.o
 .debug_macro   0x00001355      0xe66 Drivers/STM32F3xx_HAL_Driver/Src/stm32f3xx_hal.o
 .debug_macro   0x000021bb    0x12a4f Drivers/STM32F3xx_HAL_Driver/Src/stm32f3xx_hal.o
 .debug_macro   0x00014c0a       0x43 Drivers/STM32F3xx_HAL_Driver/Src/stm32f3xx_hal.o
 .debug_macro   0x00014c4d       0x5e Drivers/STM32F3xx_HAL_Driver/Src/stm32f3xx_hal.o
 .debug_macro   0x00014cab       0x18 Drivers/STM32F3xx_HAL_Driver/Src/stm32f3xx_hal.o
 .debug_macro   0x00014cc3       0x35 Drivers/STM32F3xx_HAL_Driver/Src/stm32f3xx_hal.o
 .debug_macro   0x00014cf8       0x34 Drivers/STM32F3xx_HAL_Driver/Src/stm32f3xx_hal.o
 .debug_macro   0x00014d2c       0x16 Drivers/STM32F3xx_HAL_Driver/Src/stm32f3xx_hal.o
 .debug_macro   0x00014d42       0x97 Drivers/STM32F3xx_HAL_Driver/Src/stm32f3xx_hal.o
 .debug_macro   0x00014dd9      0x330 Drivers/STM32F3xx_HAL_Driver/Src/stm32f3xx_hal.o
 .debug_macro   0x00015109       0xfd Drivers/STM32F3xx_HAL_Driver/Src/stm32f3xx_hal.o
 .debug_macro   0x00015206       0x10 Drivers/STM32F3xx_HAL_Driver/Src/stm32f3xx_hal.o
 .debug_macro   0x00015216       0x58 Drivers/STM32F3xx_HAL_Driver/Src/stm32f3xx_hal.o
 .debug_macro   0x0001526e       0x1f Drivers/STM32F3xx_HAL_Driver/Src/stm32f3xx_hal.o
 .debug_macro   0x0001528d       0x43 Drivers/STM32F3xx_HAL_Driver/Src/stm32f3xx_hal.o
 .debug_macro   0x000152d0       0x20 Drivers/STM32F3xx_HAL_Driver/Src/stm32f3xx_hal.o
 .debug_macro   0x000152f0      0x18e Drivers/STM32F3xx_HAL_Driver/Src/stm32f3xx_hal.o
 .debug_macro   0x0001547e       0x10 Drivers/STM32F3xx_HAL_Driver/Src/stm32f3xx_hal.o
 .debug_macro   0x0001548e       0x1c Drivers/STM32F3xx_HAL_Driver/Src/stm32f3xx_hal.o
 .debug_macro   0x000154aa       0x52 Drivers/STM32F3xx_HAL_Driver/Src/stm32f3xx_hal.o
 .debug_macro   0x000154fc       0x40 Drivers/STM32F3xx_HAL_Driver/Src/stm32f3xx_hal.o
 .debug_macro   0x0001553c       0x10 Drivers/STM32F3xx_HAL_Driver/Src/stm32f3xx_hal.o
 .debug_macro   0x0001554c       0x40 Drivers/STM32F3xx_HAL_Driver/Src/stm32f3xx_hal.o
 .debug_macro   0x0001558c       0xd7 Drivers/STM32F3xx_HAL_Driver/Src/stm32f3xx_hal.o
 .debug_macro   0x00015663       0x1c Drivers/STM32F3xx_HAL_Driver/Src/stm32f3xx_hal.o
 .debug_macro   0x0001567f       0x3d Drivers/STM32F3xx_HAL_Driver/Src/stm32f3xx_hal.o
 .debug_macro   0x000156bc       0x16 Drivers/STM32F3xx_HAL_Driver/Src/stm32f3xx_hal.o
 .debug_macro   0x000156d2      0x16f Drivers/STM32F3xx_HAL_Driver/Src/stm32f3xx_hal.o
 .debug_macro   0x00015841       0x49 Drivers/STM32F3xx_HAL_Driver/Src/stm32f3xx_hal.o
 .debug_macro   0x0001588a      0x968 Drivers/STM32F3xx_HAL_Driver/Src/stm32f3xx_hal.o
 .debug_macro   0x000161f2      0x5fe Drivers/STM32F3xx_HAL_Driver/Src/stm32f3xx_hal.o
 .debug_macro   0x000167f0      0x13a Drivers/STM32F3xx_HAL_Driver/Src/stm32f3xx_hal.o
 .debug_macro   0x0001692a      0x1fb Drivers/STM32F3xx_HAL_Driver/Src/stm32f3xx_hal.o
 .debug_macro   0x00016b25      0x1bc Drivers/STM32F3xx_HAL_Driver/Src/stm32f3xx_hal.o
 .debug_macro   0x00016ce1       0x31 Drivers/STM32F3xx_HAL_Driver/Src/stm32f3xx_hal.o
 .debug_macro   0x00016d12       0x3c Drivers/STM32F3xx_HAL_Driver/Src/stm32f3xx_hal.o
 .debug_macro   0x00016d4e      0x23a Drivers/STM32F3xx_HAL_Driver/Src/stm32f3xx_hal.o
 .debug_macro   0x00016f88       0xcb Drivers/STM32F3xx_HAL_Driver/Src/stm32f3xx_hal.o
 .debug_macro   0x00017053      0x22b Drivers/STM32F3xx_HAL_Driver/Src/stm32f3xx_hal.o
 .debug_macro   0x0001727e      0x209 Drivers/STM32F3xx_HAL_Driver/Src/stm32f3xx_hal.o
 .debug_macro   0x00017487       0x5b Drivers/STM32F3xx_HAL_Driver/Src/stm32f3xx_hal.o
 .debug_macro   0x000174e2       0x90 Drivers/STM32F3xx_HAL_Driver/Src/stm32f3xx_hal.o
 .debug_macro   0x00017572       0x82 Drivers/STM32F3xx_HAL_Driver/Src/stm32f3xx_hal.o
 .debug_macro   0x000175f4       0xd3 Drivers/STM32F3xx_HAL_Driver/Src/stm32f3xx_hal.o
 .debug_macro   0x000176c7      0x6af Drivers/STM32F3xx_HAL_Driver/Src/stm32f3xx_hal.o
 .debug_macro   0x00017d76      0x38a Drivers/STM32F3xx_HAL_Driver/Src/stm32f3xx_hal.o
 .debug_macro   0x00018100      0x277 Drivers/STM32F3xx_HAL_Driver/Src/stm32f3xx_hal.o
 .debug_macro   0x00018377      0x30d Drivers/STM32F3xx_HAL_Driver/Src/stm32f3xx_hal_cortex.o
 .debug_macro   0x00018684      0x345 Drivers/STM32F3xx_HAL_Driver/Src/stm32f3xx_hal_gpio.o
 .debug_macro   0x000189c9      0x3d9 Drivers/STM32F3xx_HAL_Driver/Src/stm32f3xx_hal_i2c.o
 .debug_macro   0x00018da2      0x30d Drivers/STM32F3xx_HAL_Driver/Src/stm32f3xx_hal_i2c_ex.o
 .debug_macro   0x000190af      0x331 Drivers/STM32F3xx_HAL_Driver/Src/stm32f3xx_hal_rcc.o
 .debug_macro   0x000193e0      0x30d Drivers/STM32F3xx_HAL_Driver/Src/stm32f3xx_hal_rcc_ex.o
 .debug_macro   0x000196ed      0x30d Drivers/STM32F3xx_HAL_Driver/Src/stm32f3xx_hal_tim.o
 .debug_macro   0x000199fa      0x319 Drivers/STM32F3xx_HAL_Driver/Src/stm32f3xx_hal_tim_ex.o
 .debug_macro   0x00019d13      0x317 Src/gpio.o
 .debug_macro   0x0001a02a      0x321 Src/i2c.o
 .debug_macro   0x0001a34b      0x320 Src/i2c_myclass.o
 .debug_macro   0x0001a66b      0xb38 Src/i2c_myclass.o
 .debug_macro   0x0001b1a3       0x1c Src/i2c_myclass.o
 .debug_macro   0x0001b1bf       0x3b Src/i2c_myclass.o
 .debug_macro   0x0001b1fa      0xe66 Src/i2c_myclass.o
 .debug_macro   0x0001c060       0x34 Src/i2c_myclass.o
 .debug_macro   0x0001c094       0x97 Src/i2c_myclass.o
 .debug_macro   0x0001c12b      0x353 Src/i2c_myclass.o
 .debug_macro   0x0001c47e      0x104 Src/i2c_myclass.o
 .debug_macro   0x0001c582       0x43 Src/i2c_myclass.o
 .debug_macro   0x0001c5c5      0x137 Src/i2c_myclass.o
 .debug_macro   0x0001c6fc      0x338 Src/main.o
 .debug_macro   0x0001ca34       0x2e Src/main.o
 .debug_macro   0x0001ca62      0x30d Src/stm32f3xx_hal_msp.o
 .debug_macro   0x0001cd6f      0x320 Src/stm32f3xx_it.o
 .debug_macro   0x0001d08f      0x313 Src/system_stm32f3xx.o
 .debug_macro   0x0001d3a2      0x317 Src/tim.o
 .debug_macro   0x0001d6b9      0x345 Src/wrapper.o

.debug_line     0x00000000     0xc55d
 .debug_line    0x00000000      0x971 Drivers/STM32F3xx_HAL_Driver/Src/stm32f3xx_hal.o
 .debug_line    0x00000971      0x9be Drivers/STM32F3xx_HAL_Driver/Src/stm32f3xx_hal_cortex.o
 .debug_line    0x0000132f      0x8ff Drivers/STM32F3xx_HAL_Driver/Src/stm32f3xx_hal_gpio.o
 .debug_line    0x00001c2e     0x1901 Drivers/STM32F3xx_HAL_Driver/Src/stm32f3xx_hal_i2c.o
 .debug_line    0x0000352f      0x8e5 Drivers/STM32F3xx_HAL_Driver/Src/stm32f3xx_hal_i2c_ex.o
 .debug_line    0x00003e14      0xc87 Drivers/STM32F3xx_HAL_Driver/Src/stm32f3xx_hal_rcc.o
 .debug_line    0x00004a9b      0xa46 Drivers/STM32F3xx_HAL_Driver/Src/stm32f3xx_hal_rcc_ex.o
 .debug_line    0x000054e1     0x1975 Drivers/STM32F3xx_HAL_Driver/Src/stm32f3xx_hal_tim.o
 .debug_line    0x00006e56      0xeff Drivers/STM32F3xx_HAL_Driver/Src/stm32f3xx_hal_tim_ex.o
 .debug_line    0x00007d55      0x7a3 Src/gpio.o
 .debug_line    0x000084f8      0x81a Src/i2c.o
 .debug_line    0x00008d12      0x83a Src/i2c_myclass.o
 .debug_line    0x0000954c      0x7f6 Src/main.o
 .debug_line    0x00009d42      0x799 Src/stm32f3xx_hal_msp.o
 .debug_line    0x0000a4db      0x845 Src/stm32f3xx_it.o
 .debug_line    0x0000ad20      0x7c4 Src/system_stm32f3xx.o
 .debug_line    0x0000b4e4      0x7c7 Src/tim.o
 .debug_line    0x0000bcab      0x833 Src/wrapper.o
 .debug_line    0x0000c4de       0x7f startup/startup_stm32f303xc.o

.debug_str      0x00000000    0x954e2
 .debug_str     0x00000000    0x91233 Drivers/STM32F3xx_HAL_Driver/Src/stm32f3xx_hal.o
                              0x915d6 (size before relaxing)
 .debug_str     0x00091233      0x3e7 Drivers/STM32F3xx_HAL_Driver/Src/stm32f3xx_hal_cortex.o
                              0x91696 (size before relaxing)
 .debug_str     0x0009161a      0x29e Drivers/STM32F3xx_HAL_Driver/Src/stm32f3xx_hal_gpio.o
                              0x9106e (size before relaxing)
 .debug_str     0x000918b8     0x1151 Drivers/STM32F3xx_HAL_Driver/Src/stm32f3xx_hal_i2c.o
                              0x91fbf (size before relaxing)
 .debug_str     0x00092a09       0xf3 Drivers/STM32F3xx_HAL_Driver/Src/stm32f3xx_hal_i2c_ex.o
                              0x91339 (size before relaxing)
 .debug_str     0x00092afc      0x402 Drivers/STM32F3xx_HAL_Driver/Src/stm32f3xx_hal_rcc.o
                              0x91278 (size before relaxing)
 .debug_str     0x00092efe      0x22f Drivers/STM32F3xx_HAL_Driver/Src/stm32f3xx_hal_rcc_ex.o
                              0x91082 (size before relaxing)
 .debug_str     0x0009312d      0xf32 Drivers/STM32F3xx_HAL_Driver/Src/stm32f3xx_hal_tim.o
                              0x91f1d (size before relaxing)
 .debug_str     0x0009405f      0x5ce Drivers/STM32F3xx_HAL_Driver/Src/stm32f3xx_hal_tim_ex.o
                              0x91983 (size before relaxing)
 .debug_str     0x0009462d       0x35 Src/gpio.o
                              0x90e2e (size before relaxing)
 .debug_str     0x00094662       0x55 Src/i2c.o
                              0x91359 (size before relaxing)
 .debug_str     0x000946b7      0xa44 Src/i2c_myclass.o
                              0x91944 (size before relaxing)
 .debug_str     0x000950fb       0xe4 Src/main.o
                              0x91c13 (size before relaxing)
 .debug_str     0x000951df       0x1b Src/stm32f3xx_hal_msp.o
                              0x911d7 (size before relaxing)
 .debug_str     0x000951fa       0xc5 Src/stm32f3xx_it.o
                              0x912da (size before relaxing)
 .debug_str     0x000952bf       0x64 Src/system_stm32f3xx.o
                              0x90e11 (size before relaxing)
 .debug_str     0x00095323       0x1c Src/tim.o
                              0x916ac (size before relaxing)
 .debug_str     0x0009533f      0x174 Src/wrapper.o
                              0x91d36 (size before relaxing)
 .debug_str     0x000954b3       0x2f startup/startup_stm32f303xc.o
                                 0x6f (size before relaxing)

.comment        0x00000000       0x7f
 .comment       0x00000000       0x7f Drivers/STM32F3xx_HAL_Driver/Src/stm32f3xx_hal.o
                                 0x80 (size before relaxing)
 .comment       0x0000007f       0x80 Drivers/STM32F3xx_HAL_Driver/Src/stm32f3xx_hal_cortex.o
 .comment       0x0000007f       0x80 Drivers/STM32F3xx_HAL_Driver/Src/stm32f3xx_hal_gpio.o
 .comment       0x0000007f       0x80 Drivers/STM32F3xx_HAL_Driver/Src/stm32f3xx_hal_i2c.o
 .comment       0x0000007f       0x80 Drivers/STM32F3xx_HAL_Driver/Src/stm32f3xx_hal_i2c_ex.o
 .comment       0x0000007f       0x80 Drivers/STM32F3xx_HAL_Driver/Src/stm32f3xx_hal_rcc.o
 .comment       0x0000007f       0x80 Drivers/STM32F3xx_HAL_Driver/Src/stm32f3xx_hal_rcc_ex.o
 .comment       0x0000007f       0x80 Drivers/STM32F3xx_HAL_Driver/Src/stm32f3xx_hal_tim.o
 .comment       0x0000007f       0x80 Drivers/STM32F3xx_HAL_Driver/Src/stm32f3xx_hal_tim_ex.o
 .comment       0x0000007f       0x80 Src/gpio.o
 .comment       0x0000007f       0x80 Src/i2c.o
 .comment       0x0000007f       0x80 Src/i2c_myclass.o
 .comment       0x0000007f       0x80 Src/main.o
 .comment       0x0000007f       0x80 Src/stm32f3xx_hal_msp.o
 .comment       0x0000007f       0x80 Src/stm32f3xx_it.o
 .comment       0x0000007f       0x80 Src/system_stm32f3xx.o
 .comment       0x0000007f       0x80 Src/tim.o
 .comment       0x0000007f       0x80 Src/wrapper.o

.debug_frame    0x00000000     0x2284
 .debug_frame   0x00000000      0x1cc Drivers/STM32F3xx_HAL_Driver/Src/stm32f3xx_hal.o
 .debug_frame   0x000001cc      0x15c Drivers/STM32F3xx_HAL_Driver/Src/stm32f3xx_hal_cortex.o
 .debug_frame   0x00000328       0xec Drivers/STM32F3xx_HAL_Driver/Src/stm32f3xx_hal_gpio.o
 .debug_frame   0x00000414      0x848 Drivers/STM32F3xx_HAL_Driver/Src/stm32f3xx_hal_i2c.o
 .debug_frame   0x00000c5c       0x80 Drivers/STM32F3xx_HAL_Driver/Src/stm32f3xx_hal_i2c_ex.o
 .debug_frame   0x00000cdc      0x178 Drivers/STM32F3xx_HAL_Driver/Src/stm32f3xx_hal_rcc.o
 .debug_frame   0x00000e54       0x7c Drivers/STM32F3xx_HAL_Driver/Src/stm32f3xx_hal_rcc_ex.o
 .debug_frame   0x00000ed0      0xa18 Drivers/STM32F3xx_HAL_Driver/Src/stm32f3xx_hal_tim.o
 .debug_frame   0x000018e8      0x450 Drivers/STM32F3xx_HAL_Driver/Src/stm32f3xx_hal_tim_ex.o
 .debug_frame   0x00001d38       0x34 Src/gpio.o
 .debug_frame   0x00001d6c       0x80 Src/i2c.o
 .debug_frame   0x00001dec      0x100 Src/i2c_myclass.o
 .debug_frame   0x00001eec       0x58 Src/main.o
 .debug_frame   0x00001f44       0x2c Src/stm32f3xx_hal_msp.o
 .debug_frame   0x00001f70       0xc0 Src/stm32f3xx_it.o
 .debug_frame   0x00002030       0x30 Src/system_stm32f3xx.o
 .debug_frame   0x00002060       0x64 Src/tim.o
 .debug_frame   0x000020c4       0x98 Src/wrapper.o
 .debug_frame   0x0000215c       0xac c:/users/conat/.p2/pool/plugins/fr.ac6.mcu.externaltools.arm-none.win32_1.17.0.201812190825/tools/compiler/bin/../lib/gcc/arm-none-eabi/7.3.1/thumb/v7e-m/fpv4-sp/hard\libgcc.a(_arm_addsubdf3.o)
 .debug_frame   0x00002208       0x50 c:/users/conat/.p2/pool/plugins/fr.ac6.mcu.externaltools.arm-none.win32_1.17.0.201812190825/tools/compiler/bin/../lib/gcc/arm-none-eabi/7.3.1/thumb/v7e-m/fpv4-sp/hard\libgcc.a(_arm_muldivdf3.o)
 .debug_frame   0x00002258       0x2c c:/users/conat/.p2/pool/plugins/fr.ac6.mcu.externaltools.arm-none.win32_1.17.0.201812190825/tools/compiler/bin/../lib/gcc/arm-none-eabi/7.3.1/../../../../arm-none-eabi/lib/thumb/v7e-m/fpv4-sp/hard\libc_nano.a(lib_a-init.o)
